60.50.37.135 - - [16/Aug/2015:08:54:37 -0700] "GET /images/cel_win_02_t.jpg HTTP/1.1" 200 15149 "http://www.hoonlir.com/cake_window101045.html" "Mozilla/5.0 (Windows NT 6.1; WOW64; Trident/7.0; rv:11.0) like Gecko" "www.hoonlir.com"
60.50.37.135 - - [16/Aug/2015:08:54:37 -0700] "GET /images/cel_win_02_f.jpg HTTP/1.1" 200 15525 "http://www.hoonlir.com/cake_window101045.html" "Mozilla/5.0 (Windows NT 6.1; WOW64; Trident/7.0; rv:11.0) like Gecko" "www.hoonlir.com"
60.50.37.135 - - [16/Aug/2015:08:54:37 -0700] "GET /images/cel_win_02_ss.jpg HTTP/1.1" 200 5221 "http://www.hoonlir.com/cake_window101045.html" "Mozilla/5.0 (Windows NT 6.1; WOW64; Trident/7.0; rv:11.0) like Gecko" "www.hoonlir.com"
60.50.37.135 - - [16/Aug/2015:08:54:37 -0700] "GET /images/cel_win_02_s.jpg HTTP/1.1" 200 13474 "http://www.hoonlir.com/cake_window101045.html" "Mozilla/5.0 (Windows NT 6.1; WOW64; Trident/7.0; rv:11.0) like Gecko" "www.hoonlir.com"
60.50.37.135 - - [16/Aug/2015:08:54:37 -0700] "GET /images/favicon.ico HTTP/1.1" 200 1150 "-" "Mozilla/5.0 (Windows NT 6.1; Win64; x64; Trident/7.0; rv:11.0) like Gecko" "www.hoonlir.com"
60.50.37.135 - - [16/Aug/2015:08:56:18 -0700] "GET /our_services.html HTTP/1.1" 200 1996 "http://www.hoonlir.com/cake_window101045.html" "Mozilla/5.0 (Windows NT 6.1; WOW64; Trident/7.0; rv:11.0) like Gecko" "www.hoonlir.com"
60.50.37.135 - - [16/Aug/2015:08:56:18 -0700] "GET /images/our_services.png HTTP/1.1" 200 20534 "http://www.hoonlir.com/our_services.html" "Mozilla/5.0 (Windows NT 6.1; WOW64; Trident/7.0; rv:11.0) like Gecko" "www.hoonlir.com"
60.50.37.135 - - [16/Aug/2015:08:56:28 -0700] "GET /contact_us.html HTTP/1.1" 200 2131 "http://www.hoonlir.com/our_services.html" "Mozilla/5.0 (Windows NT 6.1; WOW64; Trident/7.0; rv:11.0) like Gecko" "www.hoonlir.com"
31.184.238.128 - - [16/Aug/2015:09:06:38 -0700] "GET /logs/access.log HTTP/1.1" 200 51783 "http://www.theknot.com/wedding/fenofibrate-and-fast" "Mozilla/5.0 (Windows NT 6.3; WOW64) AppleWebKit/537.36 (KHTML, like Gecko) Chrome/32.0.1700.102 Safari/537.36" "www.hoonlir.com"
31.184.238.128 - - [16/Aug/2015:09:19:03 -0700] "GET /logs/access.log HTTP/1.1" 200 52057 "http://d1acoumadin5mg.forumcircle.com" "Mozilla/5.0 (Windows NT 5.1) AppleWebKit/537.36 (KHTML, like Gecko) Chrome/33.0.1750.117 Safari/537.36" "www.hoonlir.com"
31.184.238.128 - - [16/Aug/2015:09:31:25 -0700] "GET /logs/access.log HTTP/1.1" 200 52310 "http://www.theknot.com/wedding/micronase-and-quick" "Opera/9.80 (Windows NT 6.1; Win64; x64) Presto/2.12.388 Version/12.16" "www.hoonlir.com"
31.184.238.128 - - [16/Aug/2015:09:43:55 -0700] "GET /logs/access.log HTTP/1.1" 200 52543 "http://buysinequanonlinees.forumcircle.com" "Mozilla/5.0 (Windows NT 6.1; WOW64) AppleWebKit/537.36 (KHTML, like Gecko) Chrome/32.0.1700.76 Safari/537.36" "www.hoonlir.com"
31.184.238.128 - - [16/Aug/2015:09:56:27 -0700] "GET /logs/access.log HTTP/1.1" 200 52807 "http://gravatar.com/lovapetdesefmatt" "Mozilla/5.0 (Windows NT 6.1) AppleWebKit/537.36 (KHTML, like Gecko) Chrome/33.0.1750.146 Safari/537.36" "www.hoonlir.com"
31.184.238.128 - - [16/Aug/2015:10:08:48 -0700] "GET /logs/access.log HTTP/1.1" 200 53059 "http://www.theknot.com/wedding/erectalis-and-guaranteed" "Opera/9.80 (Windows NT 6.1; WOW64) Presto/2.12.388 Version/12.15" "www.hoonlir.com"
31.184.238.128 - - [16/Aug/2015:10:20:37 -0700] "GET /logs/access.log HTTP/1.1" 200 53292 "http://www.theknot.com/wedding/ethionamide-and-fast" "Mozilla/5.0 (Windows NT 6.1) AppleWebKit/537.36 (KHTML, like Gecko) Chrome/30.0.1599.12785 YaBrowser/13.12.1599.12785 Safari/537.36" "www.hoonlir.com"
31.184.238.128 - - [16/Aug/2015:10:32:22 -0700] "GET /logs/access.log HTTP/1.1" 200 53588 "http://www.theknot.com/wedding/clonidine-and-prices" "Mozilla/5.0 (Windows NT 5.1) AppleWebKit/537.36 (KHTML, like Gecko) Chrome/32.0.1700.102 Safari/537.36" "www.hoonlir.com"
104.131.40.119 - - [16/Aug/2015:10:35:30 -0700] "HEAD /fckeditor/editor/filemanager/connectors/uploadtest.html HTTP/1.1" 404 - "-" "-" "hoonlir.com"
31.184.238.128 - - [16/Aug/2015:10:44:09 -0700] "GET /logs/access.log HTTP/1.1" 200 54004 "http://gravatar.com/nuipennholscylero" "Mozilla/5.0 (Windows NT 6.1) AppleWebKit/537.36 (KHTML, like Gecko) Chrome/32.0.1700.76 Safari/537.36" "www.hoonlir.com"
167.88.42.56 - - [16/Aug/2015:10:52:42 -0700] "GET /logs/access.log HTTP/1.1" 200 54256 "-" "Python-urllib/1.17" "www.hoonlir.com"
31.184.238.128 - - [16/Aug/2015:10:55:49 -0700] "GET /logs/access.log HTTP/1.1" 200 54387 "http://buyrepaglinide2mgonline2014.over-blog.com" "Mozilla/5.0 (Windows NT 6.2; WOW64; rv:27.0) Gecko/20100101 Firefox/27.0" "www.hoonlir.com"
31.184.238.128 - - [16/Aug/2015:11:07:30 -0700] "GET /logs/access.log HTTP/1.1" 200 54621 "http://gravatar.com/orderchlorambucil2mgonlineunitedkingdom" "Mozilla/5.0 (Windows NT 5.1) AppleWebKit/537.36 (KHTML, like Gecko) Chrome/33.0.1750.117 Safari/537.36" "www.hoonlir.com"
94.103.80.202 - - [16/Aug/2015:11:18:50 -0700] "GET / HTTP/1.1" 200 6243 "-" "Mozilla/5.0 (Windows NT 6.1; WOW64; rv:23.0) Gecko/20100101 Firefox/23.0" "hoonlir.com"
31.184.238.128 - - [16/Aug/2015:11:19:18 -0700] "GET /logs/access.log HTTP/1.1" 200 55062 "http://paroxetine-10mg-order.page.tl" "Mozilla/5.0 (Windows NT 6.1; WOW64) AppleWebKit/537.36 (KHTML, like Gecko) Chrome/30.0.1599.12785 YaBrowser/13.12.1599.12785 Safari/537.36" "www.hoonlir.com"
31.184.238.128 - - [16/Aug/2015:11:31:01 -0700] "GET /logs/access.log HTTP/1.1" 200 55350 "http://gravatar.com/x10micardis" "Mozilla/5.0 (Windows NT 6.1) AppleWebKit/537.36 (KHTML, like Gecko) Chrome/32.0.1700.102 Safari/537.36" "www.hoonlir.com"
46.4.123.172 - - [16/Aug/2015:11:42:16 -0700] "GET /robots.txt HTTP/1.1" 200 38 "-" "Mozilla/5.0 (compatible; MJ12bot/v1.4.5; http://www.majestic12.co.uk/bot.php?+)" "www.hoonlir.com"
46.4.123.172 - - [16/Aug/2015:11:42:20 -0700] "GET /cele_fruitart.html HTTP/1.1" 200 8827 "-" "Mozilla/5.0 (compatible; MJ12bot/v1.4.5; http://www.majestic12.co.uk/bot.php?+)" "www.hoonlir.com"
46.4.123.172 - - [16/Aug/2015:11:42:22 -0700] "GET /cele_fullmoon85113.html HTTP/1.1" 200 2533 "-" "Mozilla/5.0 (compatible; MJ12bot/v1.4.5; http://www.majestic12.co.uk/bot.php?+)" "www.hoonlir.com"
46.4.123.172 - - [16/Aug/2015:11:42:26 -0700] "GET /cele_fullmoon883.html HTTP/1.1" 200 2579 "-" "Mozilla/5.0 (compatible; MJ12bot/v1.4.5; http://www.majestic12.co.uk/bot.php?+)" "www.hoonlir.com"
46.4.123.172 - - [16/Aug/2015:11:42:29 -0700] "GET /cele_handbag10105.html HTTP/1.1" 200 2574 "-" "Mozilla/5.0 (compatible; MJ12bot/v1.4.5; http://www.majestic12.co.uk/bot.php?+)" "www.hoonlir.com"
46.4.123.172 - - [16/Aug/2015:11:42:31 -0700] "GET /cele_handbag885.html HTTP/1.1" 200 2573 "-" "Mozilla/5.0 (compatible; MJ12bot/v1.4.5; http://www.majestic12.co.uk/bot.php?+)" "www.hoonlir.com"
46.4.123.172 - - [16/Aug/2015:11:42:34 -0700] "GET /cele_handle101055.html HTTP/1.1" 200 2579 "-" "Mozilla/5.0 (compatible; MJ12bot/v1.4.5; http://www.majestic12.co.uk/bot.php?+)" "www.hoonlir.com"
46.4.123.172 - - [16/Aug/2015:11:42:36 -0700] "GET /cele_handle1054.html HTTP/1.1" 200 8896 "-" "Mozilla/5.0 (compatible; MJ12bot/v1.4.5; http://www.majestic12.co.uk/bot.php?+)" "www.hoonlir.com"
31.184.238.128 - - [16/Aug/2015:11:42:41 -0700] "GET /logs/access.log HTTP/1.1" 200 57159 "http://www.theknot.com/wedding/permethrin-and-rx" "Mozilla/5.0 (Windows NT 6.1) AppleWebKit/537.36 (KHTML, like Gecko) Chrome/32.0.1700.76 Safari/537.36" "www.hoonlir.com"
46.4.123.172 - - [16/Aug/2015:11:42:42 -0700] "GET /cele_hokkaido.html HTTP/1.1" 200 2593 "-" "Mozilla/5.0 (compatible; MJ12bot/v1.4.5; http://www.majestic12.co.uk/bot.php?+)" "www.hoonlir.com"
46.4.123.172 - - [16/Aug/2015:11:42:46 -0700] "GET /cele_miniheartshape.html HTTP/1.1" 200 2561 "-" "Mozilla/5.0 (compatible; MJ12bot/v1.4.5; http://www.majestic12.co.uk/bot.php?+)" "www.hoonlir.com"
46.4.123.172 - - [16/Aug/2015:11:42:49 -0700] "GET /cele_miniribbon.html HTTP/1.1" 200 2578 "-" "Mozilla/5.0 (compatible; MJ12bot/v1.4.5; http://www.majestic12.co.uk/bot.php?+)" "www.hoonlir.com"
46.4.123.172 - - [16/Aug/2015:11:42:51 -0700] "GET /cele_minisweetwedding.html HTTP/1.1" 200 2562 "-" "Mozilla/5.0 (compatible; MJ12bot/v1.4.5; http://www.majestic12.co.uk/bot.php?+)" "www.hoonlir.com"
46.4.123.172 - - [16/Aug/2015:11:42:55 -0700] "GET /cele_windows101045.html HTTP/1.1" 200 2559 "-" "Mozilla/5.0 (compatible; MJ12bot/v1.4.5; http://www.majestic12.co.uk/bot.php?+)" "www.hoonlir.com"
46.4.123.172 - - [16/Aug/2015:11:42:57 -0700] "GET /cele_windows884.html HTTP/1.1" 200 2563 "-" "Mozilla/5.0 (compatible; MJ12bot/v1.4.5; http://www.majestic12.co.uk/bot.php?+)" "www.hoonlir.com"
46.4.123.172 - - [16/Aug/2015:11:43:00 -0700] "GET /fest_mooncake1s.html HTTP/1.1" 200 2510 "-" "Mozilla/5.0 (compatible; MJ12bot/v1.4.5; http://www.majestic12.co.uk/bot.php?+)" "www.hoonlir.com"
46.4.123.172 - - [16/Aug/2015:11:43:03 -0700] "GET /fest_mooncake2s.html HTTP/1.1" 200 3142 "-" "Mozilla/5.0 (compatible; MJ12bot/v1.4.5; http://www.majestic12.co.uk/bot.php?+)" "www.hoonlir.com"
46.4.123.172 - - [16/Aug/2015:11:43:06 -0700] "GET /fest_mooncake4c.html HTTP/1.1" 200 2534 "-" "Mozilla/5.0 (compatible; MJ12bot/v1.4.5; http://www.majestic12.co.uk/bot.php?+)" "www.hoonlir.com"
46.4.123.172 - - [16/Aug/2015:11:43:10 -0700] "GET /fest_paperbagsmall.html HTTP/1.1" 200 2470 "-" "Mozilla/5.0 (compatible; MJ12bot/v1.4.5; http://www.majestic12.co.uk/bot.php?+)" "www.hoonlir.com"
46.4.123.172 - - [16/Aug/2015:11:43:13 -0700] "GET /fest_yeesang.html HTTP/1.1" 200 2486 "-" "Mozilla/5.0 (compatible; MJ12bot/v1.4.5; http://www.majestic12.co.uk/bot.php?+)" "www.hoonlir.com"
167.88.42.56 - - [16/Aug/2015:11:47:52 -0700] "GET /logs/access.log HTTP/1.1" 200 59589 "-" "Python-urllib/1.17" "www.hoonlir.com"
31.184.238.128 - - [16/Aug/2015:11:54:38 -0700] "GET /logs/access.log HTTP/1.1" 200 59720 "http://pjpvardenafil.forumcircle.com" "Opera/9.80 (Windows NT 6.1; WOW64) Presto/2.12.388 Version/12.15" "www.hoonlir.com"
84.232.29.153 - - [16/Aug/2015:12:17:50 -0700] "GET / HTTP/1.1" 200 1890 "http://buttons-for-website.com" "Mozilla/5.0 (Windows NT 6.1; WOW64) AppleWebKit/537.36 (KHTML, like Gecko) Chrome/36.0.1985.143 Safari/537.36" "hoonlir.com"
84.232.29.153 - - [16/Aug/2015:12:17:53 -0700] "GET /images/header_logo.png HTTP/1.1" 200 11038 "http://hoonlir.com/" "Mozilla/5.0 (Windows NT 6.1; WOW64) AppleWebKit/537.36 (KHTML, like Gecko) Chrome/36.0.1985.143 Safari/537.36" "hoonlir.com"
84.232.29.153 - - [16/Aug/2015:12:17:53 -0700] "GET /images/slides_pizza_01.jpg HTTP/1.1" 200 155038 "http://hoonlir.com/" "Mozilla/5.0 (Windows NT 6.1; WOW64) AppleWebKit/537.36 (KHTML, like Gecko) Chrome/36.0.1985.143 Safari/537.36" "hoonlir.com"
84.232.29.153 - - [16/Aug/2015:12:17:54 -0700] "GET /images/slides_wedding_02.jpg HTTP/1.1" 200 116201 "http://hoonlir.com/" "Mozilla/5.0 (Windows NT 6.1; WOW64) AppleWebKit/537.36 (KHTML, like Gecko) Chrome/36.0.1985.143 Safari/537.36" "hoonlir.com"
84.232.29.153 - - [16/Aug/2015:12:17:54 -0700] "GET /images/footer_worldmap.png HTTP/1.1" 200 23204 "http://hoonlir.com/" "Mozilla/5.0 (Windows NT 6.1; WOW64) AppleWebKit/537.36 (KHTML, like Gecko) Chrome/36.0.1985.143 Safari/537.36" "hoonlir.com"
84.232.29.153 - - [16/Aug/2015:12:17:54 -0700] "GET /images/slide.png HTTP/1.1" 200 231 "http://hoonlir.com/" "Mozilla/5.0 (Windows NT 6.1; WOW64) AppleWebKit/537.36 (KHTML, like Gecko) Chrome/36.0.1985.143 Safari/537.36" "hoonlir.com"
84.232.29.153 - - [16/Aug/2015:12:17:53 -0700] "GET /images/slides_mooncake2015.gif HTTP/1.1" 200 645711 "http://hoonlir.com/" "Mozilla/5.0 (Windows NT 6.1; WOW64) AppleWebKit/537.36 (KHTML, like Gecko) Chrome/36.0.1985.143 Safari/537.36" "hoonlir.com"
31.184.238.128 - - [16/Aug/2015:12:18:22 -0700] "GET /logs/access.log HTTP/1.1" 200 61647 "http://www.theknot.com/wedding/tetracycline-and-price" "Mozilla/5.0 (Windows NT 6.0) AppleWebKit/537.36 (KHTML, like Gecko) Chrome/33.0.1750.146 Safari/537.36" "www.hoonlir.com"
157.55.39.42 - - [16/Aug/2015:12:24:24 -0700] "GET /robots.txt HTTP/1.1" 200 38 "-" "Mozilla/5.0 (compatible; bingbot/2.0; +http://www.bing.com/bingbot.htm)" "hoonlir.com"
31.184.238.128 - - [16/Aug/2015:12:30:08 -0700] "GET /logs/access.log HTTP/1.1" 200 62088 "http://gravatar.com/dnodetrol" "Mozilla/5.0 (Windows NT 6.3; WOW64; rv:26.0) Gecko/20100101 Firefox/26.0" "www.hoonlir.com"
31.184.238.128 - - [16/Aug/2015:12:41:48 -0700] "GET /logs/access.log HTTP/1.1" 200 62303 "http://gravatar.com/irclinonitalpa" "Mozilla/5.0 (Windows NT 6.2; WOW64) AppleWebKit/537.36 (KHTML, like Gecko) Chrome/32.0.1700.76 Safari/537.36" "www.hoonlir.com"
167.88.42.56 - - [16/Aug/2015:12:48:26 -0700] "GET /logs/access.log HTTP/1.1" 200 62559 "-" "Python-urllib/1.17" "www.hoonlir.com"
31.184.238.128 - - [16/Aug/2015:12:53:30 -0700] "GET /logs/access.log HTTP/1.1" 200 62690 "http://orderglipizideonlinefastshipping.over-blog.com" "Mozilla/5.0 (Windows NT 6.3; WOW64; rv:26.0) Gecko/20100101 Firefox/26.0" "www.hoonlir.com"
31.184.238.128 - - [16/Aug/2015:13:05:08 -0700] "GET /logs/access.log HTTP/1.1" 200 62929 "http://www.theknot.com/wedding/celebrex-and-no" "Mozilla/5.0 (Windows NT 6.1; rv:27.0) Gecko/20100101 Firefox/27.0" "www.hoonlir.com"
31.184.238.128 - - [16/Aug/2015:13:16:35 -0700] "GET /logs/access.log HTTP/1.1" 200 63154 "http://carbidopalevodopayjq.aircus.com" "Mozilla/5.0 (Windows NT 6.0) AppleWebKit/537.36 (KHTML, like Gecko) Chrome/32.0.1700.107 Safari/537.36" "www.hoonlir.com"
31.184.238.128 - - [16/Aug/2015:13:28:01 -0700] "GET /logs/access.log HTTP/1.1" 200 63408 "http://www.theknot.com/wedding/shipping-and-cordarone" "Mozilla/5.0 (Windows NT 5.1) AppleWebKit/537.36 (KHTML, like Gecko) Chrome/32.0.1700.102 Safari/537.36" "www.hoonlir.com"
188.165.15.136 - - [16/Aug/2015:13:35:25 -0700] "GET /fest_paperbaglarge.html HTTP/1.1" 200 2465 "-" "Mozilla/5.0 (compatible; AhrefsBot/5.0; +http://ahrefs.com/robot/)" "www.hoonlir.com"
31.184.238.128 - - [16/Aug/2015:13:39:37 -0700] "GET /logs/access.log HTTP/1.1" 200 63865 "http://www.theknot.com/wedding/rx-and-zyrtec" "Opera/9.80 (Windows NT 6.1; Win64; x64) Presto/2.12.388 Version/12.16" "www.hoonlir.com"
167.88.42.56 - - [16/Aug/2015:13:49:00 -0700] "GET /logs/access.log HTTP/1.1" 200 64092 "-" "Python-urllib/1.17" "www.hoonlir.com"
31.184.238.128 - - [16/Aug/2015:13:51:15 -0700] "GET /logs/access.log HTTP/1.1" 200 64223 "http://orderlozolforsale.forumcircle.com" "Mozilla/5.0 (Windows NT 6.0) AppleWebKit/537.36 (KHTML, like Gecko) Chrome/33.0.1750.146 Safari/537.36" "www.hoonlir.com"
31.184.238.128 - - [16/Aug/2015:14:02:49 -0700] "GET /logs/access.log HTTP/1.1" 200 64479 "http://gravatar.com/5wtrental" "Mozilla/5.0 (Windows NT 6.1) AppleWebKit/537.36 (KHTML, like Gecko) Chrome/32.0.1700.102 Safari/537.36" "www.hoonlir.com"
157.55.39.42 - - [16/Aug/2015:14:06:02 -0700] "GET /cele_pizza.html HTTP/1.1" 200 2712 "-" "Mozilla/5.0 (compatible; bingbot/2.0; +http://www.bing.com/bingbot.htm)" "hoonlir.com"
157.55.39.42 - - [16/Aug/2015:14:06:02 -0700] "GET /celebration.html HTTP/1.1" 200 2353 "-" "Mozilla/5.0 (compatible; bingbot/2.0; +http://www.bing.com/bingbot.htm)" "hoonlir.com"
157.55.39.42 - - [16/Aug/2015:14:06:03 -0700] "GET /contact_us.html HTTP/1.1" 200 2130 "-" "Mozilla/5.0 (compatible; bingbot/2.0; +http://www.bing.com/bingbot.htm)" "hoonlir.com"
157.55.39.42 - - [16/Aug/2015:14:06:03 -0700] "GET /logs/cele_handle8855.html HTTP/1.1" 200 2579 "-" "Mozilla/5.0 (compatible; bingbot/2.0; +http://www.bing.com/bingbot.htm)" "hoonlir.com"
157.55.39.42 - - [16/Aug/2015:14:06:03 -0700] "GET /logs/?C=D;O=D HTTP/1.1" 200 1760 "-" "Mozilla/5.0 (compatible; bingbot/2.0; +http://www.bing.com/bingbot.htm)" "hoonlir.com"
157.55.39.42 - - [16/Aug/2015:14:06:03 -0700] "GET /our_services.html HTTP/1.1" 200 1996 "-" "Mozilla/5.0 (compatible; bingbot/2.0; +http://www.bing.com/bingbot.htm)" "hoonlir.com"
157.55.39.42 - - [16/Aug/2015:14:06:03 -0700] "GET /logs/cake_handbag10105.html HTTP/1.1" 200 2424 "-" "Mozilla/5.0 (compatible; bingbot/2.0; +http://www.bing.com/bingbot.htm)" "hoonlir.com"
157.55.39.42 - - [16/Aug/2015:14:09:27 -0700] "GET /logs/cake_handle1054.html HTTP/1.1" 200 2402 "-" "Mozilla/5.0 (compatible; bingbot/2.0; +http://www.bing.com/bingbot.htm)" "hoonlir.com"
31.184.238.128 - - [16/Aug/2015:14:14:23 -0700] "GET /logs/access.log HTTP/1.1" 200 66189 "http://www.theknot.com/wedding/exelon-and-rx" "Opera/9.80 (Windows NT 6.1) Presto/2.12.388 Version/12.16" "www.hoonlir.com"
31.184.238.128 - - [16/Aug/2015:14:26:03 -0700] "GET /logs/access.log HTTP/1.1" 200 66404 "http://suhagrab6.forumcircle.com" "Mozilla/5.0 (Windows NT 6.1; WOW64) AppleWebKit/537.36 (KHTML, like Gecko) Chrome/32.0.1700.107 Safari/537.36 OPR/19.0.1326.63" "www.hoonlir.com"
31.184.238.128 - - [16/Aug/2015:14:37:46 -0700] "GET /logs/access.log HTTP/1.1" 200 66676 "http://gravatar.com/buycycrinonlinenoscript" "Mozilla/5.0 (Windows NT 5.1) AppleWebKit/537.36 (KHTML, like Gecko) Chrome/32.0.1700.102 Safari/537.36" "www.hoonlir.com"
31.184.238.128 - - [16/Aug/2015:14:49:32 -0700] "GET /logs/access.log HTTP/1.1" 200 66935 "http://trihexyphenidyl-2mg-buy-safely.over-blog.com" "Mozilla/5.0 (Windows NT 5.1) AppleWebKit/537.36 (KHTML, like Gecko) Chrome/32.0.1700.76 Safari/537.36" "www.hoonlir.com"
167.88.42.56 - - [16/Aug/2015:14:49:37 -0700] "GET /logs/access.log HTTP/1.1" 200 67201 "-" "Python-urllib/1.17" "www.hoonlir.com"
31.184.238.128 - - [16/Aug/2015:15:01:16 -0700] "GET /logs/access.log HTTP/1.1" 200 67332 "http://gravatar.com/acrihopartminsprac" "Mozilla/5.0 (Windows NT 6.1; WOW64) AppleWebKit/537.36 (KHTML, like Gecko) Chrome/32.0.1700.102 Safari/537.36" "www.hoonlir.com"
31.184.238.128 - - [16/Aug/2015:15:13:04 -0700] "GET /logs/access.log HTTP/1.1" 200 67593 "http://www.theknot.com/wedding/coumadin-and-worldwide" "Opera/9.80 (Windows NT 6.1) Presto/2.12.388 Version/12.16" "www.hoonlir.com"
31.184.238.128 - - [16/Aug/2015:15:24:51 -0700] "GET /logs/access.log HTTP/1.1" 200 67817 "http://www.theknot.com/wedding/trental-and-rx" "Mozilla/5.0 (Windows NT 6.1; WOW64; rv:26.0) Gecko/20100101 Firefox/26.0" "www.hoonlir.com"
31.184.238.128 - - [16/Aug/2015:15:36:38 -0700] "GET /logs/access.log HTTP/1.1" 200 68048 "http://progesterone-200mg-buy-online.aircus.com" "Mozilla/5.0 (Windows NT 5.1) AppleWebKit/537.36 (KHTML, like Gecko) Chrome/32.0.1700.107 Safari/537.36" "www.hoonlir.com"
31.184.238.128 - - [16/Aug/2015:15:48:20 -0700] "GET /logs/access.log HTTP/1.1" 200 68311 "http://zdtrazodone100mg.forumcircle.com" "Mozilla/5.0 (Windows NT 6.0) AppleWebKit/537.36 (KHTML, like Gecko) Chrome/32.0.1700.107 Safari/537.36" "www.hoonlir.com"
167.88.42.56 - - [16/Aug/2015:15:50:17 -0700] "GET /logs/access.log HTTP/1.1" 200 68566 "-" "Python-urllib/1.17" "www.hoonlir.com"
188.240.141.79 - - [16/Aug/2015:15:57:59 -0700] "GET /logs/access.log HTTP/1.1" 200 7049 "http://www.hoonlir.com/" "Mozilla/5.0 (Windows NT 6.1; WOW64) AppleWebKit/537.36 (KHTML, like Gecko) Chrome/39.0.2171.95 Safari/537.36" "www.hoonlir.com"
31.184.238.128 - - [16/Aug/2015:16:00:09 -0700] "GET /logs/access.log HTTP/1.1" 200 68941 "http://acarbose-25mg-buy.over-blog.com" "Mozilla/5.0 (Windows NT 6.1; WOW64) AppleWebKit/537.36 (KHTML, like Gecko) Chrome/32.0.1700.102 Safari/537.36 OPR/19.0.1326.59" "www.hoonlir.com"
31.184.238.128 - - [16/Aug/2015:16:12:00 -0700] "GET /logs/access.log HTTP/1.1" 200 69219 "http://www.theknot.com/wedding/fosamax-and-guaranteed" "Mozilla/5.0 (Windows NT 6.1; WOW64; rv:26.0) Gecko/20100101 Firefox/26.0" "www.hoonlir.com"
207.46.13.106 - - [16/Aug/2015:16:13:59 -0700] "GET /fest_mooncake4r.html HTTP/1.1" 200 2535 "-" "Mozilla/5.0 (compatible; bingbot/2.0; +http://www.bing.com/bingbot.htm)" "hoonlir.com"
31.184.238.128 - - [16/Aug/2015:16:23:51 -0700] "GET /logs/access.log HTTP/1.1" 200 69643 "http://w5mmetformin1000mg.aircus.com" "Mozilla/5.0 (Windows NT 6.1) AppleWebKit/537.36 (KHTML, like Gecko) Chrome/30.0.1599.12785 YaBrowser/13.12.1599.12785 Safari/537.36" "www.hoonlir.com"
180.76.15.148 - - [16/Aug/2015:16:32:47 -0700] "GET /robots.txt HTTP/1.1" 200 667 "-" "Mozilla/5.0 (Windows NT 5.1; rv:6.0.2) Gecko/20100101 Firefox/6.0.2" "www.hoonlir.com"
180.76.15.136 - - [16/Aug/2015:16:33:07 -0700] "GET /hoonlir/us1/index.html HTTP/1.1" 404 88 "-" "Mozilla/5.0 (compatible; Baiduspider/2.0; +http://www.baidu.com/search/spider.html)" "www.hoonlir.com"
31.184.238.128 - - [16/Aug/2015:16:35:36 -0700] "GET /logs/access.log HTTP/1.1" 200 70299 "http://buydexamethasoneonline.aircus.com" "Mozilla/5.0 (Windows NT 6.3; WOW64) AppleWebKit/537.36 (KHTML, like Gecko) Chrome/32.0.1700.102 Safari/537.36" "www.hoonlir.com"
31.184.238.128 - - [16/Aug/2015:16:47:21 -0700] "GET /logs/access.log HTTP/1.1" 200 70562 "http://amoxapine100mgtqy.over-blog.com" "Mozilla/5.0 (Windows NT 6.1; WOW64) AppleWebKit/537.36 (KHTML, like Gecko) Chrome/31.0.1650.63 Safari/537.36 OPR/18.0.1284.68" "www.hoonlir.com"
180.76.15.137 - - [16/Aug/2015:16:48:07 -0700] "GET /cele_handbag10105.html HTTP/1.1" 200 2575 "-" "Mozilla/5.0 (compatible; Baiduspider/2.0; +http://www.baidu.com/search/spider.html)" "www.hoonlir.com"
167.88.42.56 - - [16/Aug/2015:16:50:53 -0700] "GET /logs/access.log HTTP/1.1" 200 71042 "-" "Python-urllib/1.17" "www.hoonlir.com"
31.184.238.128 - - [16/Aug/2015:16:59:17 -0700] "GET /logs/access.log HTTP/1.1" 200 71173 "http://gravatar.com/kentsubssopermabees" "Mozilla/5.0 (Windows NT 6.2; WOW64) AppleWebKit/537.36 (KHTML, like Gecko) Chrome/32.0.1700.107 Safari/537.36" "www.hoonlir.com"
157.55.39.117 - - [16/Aug/2015:17:08:15 -0700] "GET /logs/cele_miniribbon.html HTTP/1.1" 200 2578 "-" "Mozilla/5.0 (compatible; bingbot/2.0; +http://www.bing.com/bingbot.htm)" "hoonlir.com"
31.184.238.128 - - [16/Aug/2015:17:11:15 -0700] "GET /logs/access.log HTTP/1.1" 200 71625 "http://buyacyclovironline2014.aircus.com" "Mozilla/5.0 (Windows NT 6.1) AppleWebKit/537.36 (KHTML, like Gecko) Chrome/33.0.1750.117 Safari/537.36" "www.hoonlir.com"
31.184.238.128 - - [16/Aug/2015:17:23:00 -0700] "GET /logs/access.log HTTP/1.1" 200 71881 "http://gravatar.com/qavantin" "Mozilla/5.0 (Windows NT 5.1; rv:27.0) Gecko/20100101 Firefox/27.0" "www.hoonlir.com"
31.184.238.128 - - [16/Aug/2015:17:34:55 -0700] "GET /logs/access.log HTTP/1.1" 200 72088 "http://gravatar.com/buydilantinonlinesweden" "Mozilla/5.0 (Windows NT 6.1) AppleWebKit/537.36 (KHTML, like Gecko) Chrome/32.0.1700.102 Safari/537.36" "www.hoonlir.com"
31.184.238.128 - - [16/Aug/2015:17:46:45 -0700] "GET /logs/access.log HTTP/1.1" 200 72347 "http://www.theknot.com/wedding/arava-and-cheap" "Mozilla/5.0 (Windows NT 6.1; WOW64) AppleWebKit/537.36 (KHTML, like Gecko) Chrome/33.0.1750.117 Safari/537.36 OPR/20.0.1387.64" "www.hoonlir.com"
167.88.42.56 - - [16/Aug/2015:17:51:19 -0700] "GET /logs/access.log HTTP/1.1" 200 72633 "-" "Python-urllib/1.17" "www.hoonlir.com"
186.134.240.155 - - [16/Aug/2015:17:55:52 -0700] "GET / HTTP/1.1" 200 1890 "http://success-seo.com/try.php?u=http://hoonlir.com" "Mozilla/5.0 (Windows NT 6.1; WOW64) AppleWebKit/537.36 (KHTML, like Gecko) Chrome/36.0.1985.143 Safari/537.36" "hoonlir.com"
31.184.238.128 - - [16/Aug/2015:17:58:33 -0700] "GET /logs/access.log HTTP/1.1" 200 73019 "http://www.theknot.com/wedding/without-and-symmetrel" "Mozilla/5.0 (Windows NT 6.3; WOW64; rv:26.0) Gecko/20100101 Firefox/26.0" "www.hoonlir.com"
31.184.238.128 - - [16/Aug/2015:18:10:28 -0700] "GET /logs/access.log HTTP/1.1" 200 73257 "http://buyvasotec10mgca.forumcircle.com" "Mozilla/5.0 (X11; Linux i686; rv:18.0) Gecko/20100101 Firefox/18.0 Iceweasel/18.0.1" "www.hoonlir.com"
31.184.238.128 - - [16/Aug/2015:18:22:34 -0700] "GET /logs/access.log HTTP/1.1" 200 73493 "http://ordermesalamine400mgswitzerland.over-blog.com" "Mozilla/5.0 (Windows NT 6.1) AppleWebKit/537.36 (KHTML, like Gecko) Chrome/33.0.1750.117 Safari/537.36" "www.hoonlir.com"
60.52.50.176 - - [16/Aug/2015:18:25:37 -0700] "GET / HTTP/1.1" 200 1890 "-" "Mozilla/5.0 (iPhone; CPU iPhone OS 8_4 like Mac OS X) AppleWebKit/600.1.4 (KHTML, like Gecko) Version/8.0 Mobile/12H143 Safari/600.1.4" "www.hoonlir.com"
60.52.50.176 - - [16/Aug/2015:18:25:38 -0700] "GET /styles/layout.css HTTP/1.1" 200 1868 "http://www.hoonlir.com/" "Mozilla/5.0 (iPhone; CPU iPhone OS 8_4 like Mac OS X) AppleWebKit/600.1.4 (KHTML, like Gecko) Version/8.0 Mobile/12H143 Safari/600.1.4" "www.hoonlir.com"
60.52.50.176 - - [16/Aug/2015:18:25:38 -0700] "GET /scripts/jquery.cycle.min.js HTTP/1.1" 200 5486 "http://www.hoonlir.com/" "Mozilla/5.0 (iPhone; CPU iPhone OS 8_4 like Mac OS X) AppleWebKit/600.1.4 (KHTML, like Gecko) Version/8.0 Mobile/12H143 Safari/600.1.4" "www.hoonlir.com"
60.52.50.176 - - [16/Aug/2015:18:25:38 -0700] "GET /scripts/jquery.slidepanel.setup.js HTTP/1.1" 200 225 "http://www.hoonlir.com/" "Mozilla/5.0 (iPhone; CPU iPhone OS 8_4 like Mac OS X) AppleWebKit/600.1.4 (KHTML, like Gecko) Version/8.0 Mobile/12H143 Safari/600.1.4" "www.hoonlir.com"
60.52.50.176 - - [16/Aug/2015:18:25:38 -0700] "GET /scripts/jquery-1.4.1.min.js HTTP/1.1" 200 24134 "http://www.hoonlir.com/" "Mozilla/5.0 (iPhone; CPU iPhone OS 8_4 like Mac OS X) AppleWebKit/600.1.4 (KHTML, like Gecko) Version/8.0 Mobile/12H143 Safari/600.1.4" "www.hoonlir.com"
60.52.50.176 - - [16/Aug/2015:18:25:38 -0700] "GET /scripts/jquery.cycle.setup.js HTTP/1.1" 200 315 "http://www.hoonlir.com/" "Mozilla/5.0 (iPhone; CPU iPhone OS 8_4 like Mac OS X) AppleWebKit/600.1.4 (KHTML, like Gecko) Version/8.0 Mobile/12H143 Safari/600.1.4" "www.hoonlir.com"
60.52.50.176 - - [16/Aug/2015:18:25:38 -0700] "GET /images/slides_wedding_02.jpg HTTP/1.1" 200 116201 "http://www.hoonlir.com/" "Mozilla/5.0 (iPhone; CPU iPhone OS 8_4 like Mac OS X) AppleWebKit/600.1.4 (KHTML, like Gecko) Version/8.0 Mobile/12H143 Safari/600.1.4" "www.hoonlir.com"
60.52.50.176 - - [16/Aug/2015:18:25:38 -0700] "GET /images/header_logo.png HTTP/1.1" 200 11038 "http://www.hoonlir.com/" "Mozilla/5.0 (iPhone; CPU iPhone OS 8_4 like Mac OS X) AppleWebKit/600.1.4 (KHTML, like Gecko) Version/8.0 Mobile/12H143 Safari/600.1.4" "www.hoonlir.com"
60.52.50.176 - - [16/Aug/2015:18:25:38 -0700] "GET /images/footer_worldmap.png HTTP/1.1" 200 23204 "http://www.hoonlir.com/" "Mozilla/5.0 (iPhone; CPU iPhone OS 8_4 like Mac OS X) AppleWebKit/600.1.4 (KHTML, like Gecko) Version/8.0 Mobile/12H143 Safari/600.1.4" "www.hoonlir.com"
60.52.50.176 - - [16/Aug/2015:18:25:38 -0700] "GET /images/slides_cakeboxptd2014.jpg HTTP/1.1" 200 359530 "http://www.hoonlir.com/" "Mozilla/5.0 (iPhone; CPU iPhone OS 8_4 like Mac OS X) AppleWebKit/600.1.4 (KHTML, like Gecko) Version/8.0 Mobile/12H143 Safari/600.1.4" "www.hoonlir.com"
60.52.50.176 - - [16/Aug/2015:18:25:38 -0700] "GET /styles/navi.css HTTP/1.1" 200 360 "http://www.hoonlir.com/" "Mozilla/5.0 (iPhone; CPU iPhone OS 8_4 like Mac OS X) AppleWebKit/600.1.4 (KHTML, like Gecko) Version/8.0 Mobile/12H143 Safari/600.1.4" "www.hoonlir.com"
60.52.50.176 - - [16/Aug/2015:18:25:38 -0700] "GET /styles/featured_slide.css HTTP/1.1" 200 632 "http://www.hoonlir.com/" "Mozilla/5.0 (iPhone; CPU iPhone OS 8_4 like Mac OS X) AppleWebKit/600.1.4 (KHTML, like Gecko) Version/8.0 Mobile/12H143 Safari/600.1.4" "www.hoonlir.com"
60.52.50.176 - - [16/Aug/2015:18:25:39 -0700] "GET /images/background_header.png HTTP/1.1" 200 2916 "http://www.hoonlir.com/" "Mozilla/5.0 (iPhone; CPU iPhone OS 8_4 like Mac OS X) AppleWebKit/600.1.4 (KHTML, like Gecko) Version/8.0 Mobile/12H143 Safari/600.1.4" "www.hoonlir.com"
60.52.50.176 - - [16/Aug/2015:18:25:39 -0700] "GET /images/topnav_a.png HTTP/1.1" 200 2848 "http://www.hoonlir.com/" "Mozilla/5.0 (iPhone; CPU iPhone OS 8_4 like Mac OS X) AppleWebKit/600.1.4 (KHTML, like Gecko) Version/8.0 Mobile/12H143 Safari/600.1.4" "www.hoonlir.com"
60.52.50.176 - - [16/Aug/2015:18:25:39 -0700] "GET /images/slide.png HTTP/1.1" 200 231 "http://www.hoonlir.com/" "Mozilla/5.0 (iPhone; CPU iPhone OS 8_4 like Mac OS X) AppleWebKit/600.1.4 (KHTML, like Gecko) Version/8.0 Mobile/12H143 Safari/600.1.4" "www.hoonlir.com"
60.52.50.176 - - [16/Aug/2015:18:25:38 -0700] "GET /images/slides_mooncake2015.gif HTTP/1.1" 200 645711 "http://www.hoonlir.com/" "Mozilla/5.0 (iPhone; CPU iPhone OS 8_4 like Mac OS X) AppleWebKit/600.1.4 (KHTML, like Gecko) Version/8.0 Mobile/12H143 Safari/600.1.4" "www.hoonlir.com"
60.52.50.176 - - [16/Aug/2015:18:25:42 -0700] "GET /images/slides_pizza_01.jpg HTTP/1.1" 200 155038 "http://www.hoonlir.com/" "Mozilla/5.0 (iPhone; CPU iPhone OS 8_4 like Mac OS X) AppleWebKit/600.1.4 (KHTML, like Gecko) Version/8.0 Mobile/12H143 Safari/600.1.4" "www.hoonlir.com"
31.184.238.128 - - [16/Aug/2015:18:34:37 -0700] "GET /logs/access.log HTTP/1.1" 200 78447 "http://buyziprasidonehq.over-blog.com" "Opera/9.80 (Windows NT 6.1; Win64; x64) Presto/2.12.388 Version/12.16" "www.hoonlir.com"
31.184.238.128 - - [16/Aug/2015:18:46:31 -0700] "GET /logs/access.log HTTP/1.1" 200 78667 "http://buysalbutamol8mg.tumblr.com" "Mozilla/5.0 (Windows NT 6.1; WOW64) AppleWebKit/537.36 (KHTML, like Gecko) Chrome/30.0.1599.12785 YaBrowser/13.12.1599.12785 Safari/537.36" "www.hoonlir.com"
14.100.132.152 - - [16/Aug/2015:18:57:50 -0700] "GET /images/slides_mooncake2015.gif HTTP/1.1" 200 645711 "-" "Mozilla/5.0 (iPhone; CPU iPhone OS 8_4 like Mac OS X) AppleWebKit/600.1.4 (KHTML, like Gecko) GSA/7.0.55539 Mobile/12H143 Safari/600.1.4" "www.hoonlir.com"
31.184.238.128 - - [16/Aug/2015:18:58:26 -0700] "GET /logs/access.log HTTP/1.1" 200 79220 "http://gravatar.com/xaotrandate" "Mozilla/5.0 (Windows NT 6.1; WOW64) AppleWebKit/537.36 (KHTML, like Gecko) Chrome/33.0.1750.117 Safari/537.36 OPR/20.0.1387.64" "www.hoonlir.com"
31.184.238.128 - - [16/Aug/2015:19:10:27 -0700] "GET /logs/access.log HTTP/1.1" 200 79491 "http://gravatar.com/fmfurosemide40mg" "Mozilla/5.0 (Windows NT 6.1; WOW64) AppleWebKit/537.36 (KHTML, like Gecko) Chrome/32.0.1700.107 Safari/537.36 OPR/19.0.1326.63" "www.hoonlir.com"
31.184.238.128 - - [16/Aug/2015:19:22:19 -0700] "GET /logs/access.log HTTP/1.1" 200 79767 "http://htprevacid30mg.forumcircle.com" "Mozilla/5.0 (Windows NT 6.1) AppleWebKit/537.36 (KHTML, like Gecko) Chrome/32.0.1700.107 Safari/537.36" "www.hoonlir.com"
31.184.238.128 - - [16/Aug/2015:19:34:15 -0700] "GET /logs/access.log HTTP/1.1" 200 80020 "http://gravatar.com/domperidone10mgkmd" "Mozilla/5.0 (Windows NT 6.1; WOW64) AppleWebKit/537.36 (KHTML, like Gecko) Chrome/33.0.1750.146 Safari/537.36" "www.hoonlir.com"
31.184.238.128 - - [16/Aug/2015:19:46:02 -0700] "GET /logs/access.log HTTP/1.1" 200 80281 "http://www.theknot.com/wedding/micronase-and-prescription" "Mozilla/5.0 (Windows NT 6.1) AppleWebKit/537.36 (KHTML, like Gecko) Chrome/30.0.1599.12785 YaBrowser/13.12.1599.12785 Safari/537.36" "www.hoonlir.com"
167.88.42.56 - - [16/Aug/2015:19:51:59 -0700] "GET /logs/access.log HTTP/1.1" 200 80583 "-" "Python-urllib/1.17" "www.hoonlir.com"
141.8.143.179 - - [16/Aug/2015:19:56:20 -0700] "GET /robots.txt HTTP/1.1" 200 38 "-" "Mozilla/5.0 (compatible; YandexBot/3.0; +http://yandex.com/bots)" "hoonlir.com"
31.184.238.128 - - [16/Aug/2015:19:57:50 -0700] "GET /logs/access.log HTTP/1.1" 200 80880 "http://4ralendronate35mg.over-blog.com" "Mozilla/5.0 (Windows NT 6.1; WOW64) AppleWebKit/537.36 (KHTML, like Gecko) Chrome/32.0.1700.107 Safari/537.36" "www.hoonlir.com"
31.184.238.128 - - [16/Aug/2015:20:09:48 -0700] "GET /logs/access.log HTTP/1.1" 200 81141 "http://gravatar.com/harthytlehamunra" "Mozilla/5.0 (Windows NT 5.1) AppleWebKit/537.36 (KHTML, like Gecko) Chrome/33.0.1750.146 Safari/537.36" "www.hoonlir.com"
31.184.238.128 - - [16/Aug/2015:20:21:57 -0700] "GET /logs/access.log HTTP/1.1" 200 81393 "http://zlabetalol.page.tl" "Mozilla/5.0 (Windows NT 6.1; WOW64) AppleWebKit/537.36 (KHTML, like Gecko) Chrome/33.0.1750.146 Safari/537.36" "www.hoonlir.com"
31.184.238.128 - - [16/Aug/2015:20:33:58 -0700] "GET /logs/access.log HTTP/1.1" 200 81641 "http://www.theknot.com/wedding/betapace-and-rx" "Mozilla/5.0 (Windows NT 6.2; WOW64; rv:27.0) Gecko/20100101 Firefox/27.0" "www.hoonlir.com"
31.184.238.128 - - [16/Aug/2015:20:46:03 -0700] "GET /logs/access.log HTTP/1.1" 200 81873 "http://orderestradiolonlinenorx.over-blog.com" "Opera/9.80 (Windows NT 6.1; WOW64) Presto/2.12.388 Version/12.15" "www.hoonlir.com"
167.88.42.56 - - [16/Aug/2015:20:52:21 -0700] "GET /logs/access.log HTTP/1.1" 200 82096 "-" "Python-urllib/1.17" "www.hoonlir.com"
31.184.238.128 - - [16/Aug/2015:20:58:04 -0700] "GET /logs/access.log HTTP/1.1" 200 82227 "http://gravatar.com/orderrepaglinideonlinecheap" "Mozilla/5.0 (Windows NT 6.1; rv:27.0) Gecko/20100101 Firefox/27.0" "www.hoonlir.com"
31.184.238.128 - - [16/Aug/2015:21:10:07 -0700] "GET /logs/access.log HTTP/1.1" 200 82453 "http://gravatar.com/buydostinexonlinesafely" "Mozilla/5.0 (Windows NT 6.1) AppleWebKit/537.36 (KHTML, like Gecko) Chrome/30.0.1599.12785 YaBrowser/13.12.1599.12785 Safari/537.36" "www.hoonlir.com"
180.74.132.236 - - [16/Aug/2015:21:22:11 -0700] "GET /cele_fruitart.html HTTP/1.1" 200 2519 "-" "Mozilla/5.0 (Windows NT 5.1) AppleWebKit/537.36 (KHTML, like Gecko) Chrome/44.0.2403.155 Safari/537.36" "hoonlir.com"
31.184.238.128 - - [16/Aug/2015:21:22:12 -0700] "GET /logs/access.log HTTP/1.1" 200 82741 "http://gravatar.com/orderprogestogenonlinelowprice" "Mozilla/5.0 (Windows NT 6.3; WOW64) AppleWebKit/537.36 (KHTML, like Gecko) Chrome/32.0.1700.76 Safari/537.36" "www.hoonlir.com"
180.74.132.236 - - [16/Aug/2015:21:22:12 -0700] "GET /styles/layout.css HTTP/1.1" 200 1868 "http://hoonlir.com/cele_fruitart.html" "Mozilla/5.0 (Windows NT 5.1) AppleWebKit/537.36 (KHTML, like Gecko) Chrome/44.0.2403.155 Safari/537.36" "hoonlir.com"
180.74.132.236 - - [16/Aug/2015:21:22:12 -0700] "GET /images/header_logo.png HTTP/1.1" 200 11038 "http://hoonlir.com/cele_fruitart.html" "Mozilla/5.0 (Windows NT 5.1) AppleWebKit/537.36 (KHTML, like Gecko) Chrome/44.0.2403.155 Safari/537.36" "hoonlir.com"
180.74.132.236 - - [16/Aug/2015:21:22:13 -0700] "GET /styles/navi.css HTTP/1.1" 200 360 "http://hoonlir.com/cele_fruitart.html" "Mozilla/5.0 (Windows NT 5.1) AppleWebKit/537.36 (KHTML, like Gecko) Chrome/44.0.2403.155 Safari/537.36" "hoonlir.com"
180.74.132.236 - - [16/Aug/2015:21:22:13 -0700] "GET /images/footer_worldmap.png HTTP/1.1" 200 23204 "http://hoonlir.com/cele_fruitart.html" "Mozilla/5.0 (Windows NT 5.1) AppleWebKit/537.36 (KHTML, like Gecko) Chrome/44.0.2403.155 Safari/537.36" "hoonlir.com"
180.74.132.236 - - [16/Aug/2015:21:22:13 -0700] "GET /styles/featured_slide.css HTTP/1.1" 200 632 "http://hoonlir.com/cele_fruitart.html" "Mozilla/5.0 (Windows NT 5.1) AppleWebKit/537.36 (KHTML, like Gecko) Chrome/44.0.2403.155 Safari/537.36" "hoonlir.com"
180.74.132.236 - - [16/Aug/2015:21:22:13 -0700] "GET /images/background_header.png HTTP/1.1" 200 2916 "http://hoonlir.com/cele_fruitart.html" "Mozilla/5.0 (Windows NT 5.1) AppleWebKit/537.36 (KHTML, like Gecko) Chrome/44.0.2403.155 Safari/537.36" "hoonlir.com"
180.74.132.236 - - [16/Aug/2015:21:22:13 -0700] "GET /images/topnav_a.png HTTP/1.1" 200 2848 "http://hoonlir.com/cele_fruitart.html" "Mozilla/5.0 (Windows NT 5.1) AppleWebKit/537.36 (KHTML, like Gecko) Chrome/44.0.2403.155 Safari/537.36" "hoonlir.com"
180.74.132.236 - - [16/Aug/2015:21:22:13 -0700] "GET /images/cel_fruit_01_m.jpg HTTP/1.1" 200 13527 "http://hoonlir.com/cele_fruitart.html" "Mozilla/5.0 (Windows NT 5.1) AppleWebKit/537.36 (KHTML, like Gecko) Chrome/44.0.2403.155 Safari/537.36" "hoonlir.com"
180.74.132.236 - - [16/Aug/2015:21:22:13 -0700] "GET /images/cel_fruit_01_ts.jpg HTTP/1.1" 200 4949 "http://hoonlir.com/cele_fruitart.html" "Mozilla/5.0 (Windows NT 5.1) AppleWebKit/537.36 (KHTML, like Gecko) Chrome/44.0.2403.155 Safari/537.36" "hoonlir.com"
180.74.132.236 - - [16/Aug/2015:21:22:13 -0700] "GET /images/cel_fruit_01_t.jpg HTTP/1.1" 200 11655 "http://hoonlir.com/cele_fruitart.html" "Mozilla/5.0 (Windows NT 5.1) AppleWebKit/537.36 (KHTML, like Gecko) Chrome/44.0.2403.155 Safari/537.36" "hoonlir.com"
180.74.132.236 - - [16/Aug/2015:21:22:13 -0700] "GET /images/cel_fruit_01_fs.jpg HTTP/1.1" 200 4959 "http://hoonlir.com/cele_fruitart.html" "Mozilla/5.0 (Windows NT 5.1) AppleWebKit/537.36 (KHTML, like Gecko) Chrome/44.0.2403.155 Safari/537.36" "hoonlir.com"
180.74.132.236 - - [16/Aug/2015:21:22:14 -0700] "GET /images/cel_fruit_01_f.jpg HTTP/1.1" 200 12113 "http://hoonlir.com/cele_fruitart.html" "Mozilla/5.0 (Windows NT 5.1) AppleWebKit/537.36 (KHTML, like Gecko) Chrome/44.0.2403.155 Safari/537.36" "hoonlir.com"
180.74.132.236 - - [16/Aug/2015:21:22:14 -0700] "GET /images/cel_fruit_01_s.jpg HTTP/1.1" 200 13356 "http://hoonlir.com/cele_fruitart.html" "Mozilla/5.0 (Windows NT 5.1) AppleWebKit/537.36 (KHTML, like Gecko) Chrome/44.0.2403.155 Safari/537.36" "hoonlir.com"
180.74.132.236 - - [16/Aug/2015:21:22:14 -0700] "GET /images/cel_fruit_01_ss.jpg HTTP/1.1" 200 5234 "http://hoonlir.com/cele_fruitart.html" "Mozilla/5.0 (Windows NT 5.1) AppleWebKit/537.36 (KHTML, like Gecko) Chrome/44.0.2403.155 Safari/537.36" "hoonlir.com"
180.74.132.236 - - [16/Aug/2015:21:23:21 -0700] "GET /cele_fullmoon883.html HTTP/1.1" 200 2578 "http://hoonlir.com/cele_fruitart.html" "Mozilla/5.0 (Windows NT 5.1) AppleWebKit/537.36 (KHTML, like Gecko) Chrome/44.0.2403.155 Safari/537.36" "hoonlir.com"
180.74.132.236 - - [16/Aug/2015:21:23:22 -0700] "GET /images/cel_fm_02_m.jpg HTTP/1.1" 200 12417 "http://hoonlir.com/cele_fullmoon883.html" "Mozilla/5.0 (Windows NT 5.1) AppleWebKit/537.36 (KHTML, like Gecko) Chrome/44.0.2403.155 Safari/537.36" "hoonlir.com"
180.74.132.236 - - [16/Aug/2015:21:23:22 -0700] "GET /images/cel_fm_02_ts.jpg HTTP/1.1" 200 5037 "http://hoonlir.com/cele_fullmoon883.html" "Mozilla/5.0 (Windows NT 5.1) AppleWebKit/537.36 (KHTML, like Gecko) Chrome/44.0.2403.155 Safari/537.36" "hoonlir.com"
180.74.132.236 - - [16/Aug/2015:21:23:23 -0700] "GET /images/cel_fm_02_t.jpg HTTP/1.1" 200 12479 "http://hoonlir.com/cele_fullmoon883.html" "Mozilla/5.0 (Windows NT 5.1) AppleWebKit/537.36 (KHTML, like Gecko) Chrome/44.0.2403.155 Safari/537.36" "hoonlir.com"
180.74.132.236 - - [16/Aug/2015:21:23:23 -0700] "GET /images/cel_fm_02_fs.jpg HTTP/1.1" 200 5291 "http://hoonlir.com/cele_fullmoon883.html" "Mozilla/5.0 (Windows NT 5.1) AppleWebKit/537.36 (KHTML, like Gecko) Chrome/44.0.2403.155 Safari/537.36" "hoonlir.com"
180.74.132.236 - - [16/Aug/2015:21:23:23 -0700] "GET /images/cel_fm_02_f.jpg HTTP/1.1" 200 13587 "http://hoonlir.com/cele_fullmoon883.html" "Mozilla/5.0 (Windows NT 5.1) AppleWebKit/537.36 (KHTML, like Gecko) Chrome/44.0.2403.155 Safari/537.36" "hoonlir.com"
180.74.132.236 - - [16/Aug/2015:21:23:23 -0700] "GET /images/cel_fm_02_ss.jpg HTTP/1.1" 200 5246 "http://hoonlir.com/cele_fullmoon883.html" "Mozilla/5.0 (Windows NT 5.1) AppleWebKit/537.36 (KHTML, like Gecko) Chrome/44.0.2403.155 Safari/537.36" "hoonlir.com"
180.74.132.236 - - [16/Aug/2015:21:23:23 -0700] "GET /images/cel_fm_02_s.jpg HTTP/1.1" 200 14175 "http://hoonlir.com/cele_fullmoon883.html" "Mozilla/5.0 (Windows NT 5.1) AppleWebKit/537.36 (KHTML, like Gecko) Chrome/44.0.2403.155 Safari/537.36" "hoonlir.com"
180.74.132.236 - - [16/Aug/2015:21:23:56 -0700] "GET /cele_fullmoon85113.html HTTP/1.1" 200 2534 "http://hoonlir.com/cele_fullmoon883.html" "Mozilla/5.0 (Windows NT 5.1) AppleWebKit/537.36 (KHTML, like Gecko) Chrome/44.0.2403.155 Safari/537.36" "hoonlir.com"
180.74.132.236 - - [16/Aug/2015:21:23:56 -0700] "GET /images/cel_fm_01_m.jpg HTTP/1.1" 200 16377 "http://hoonlir.com/cele_fullmoon85113.html" "Mozilla/5.0 (Windows NT 5.1) AppleWebKit/537.36 (KHTML, like Gecko) Chrome/44.0.2403.155 Safari/537.36" "hoonlir.com"
180.74.132.236 - - [16/Aug/2015:21:23:56 -0700] "GET /images/cel_fm_01_ts.jpg HTTP/1.1" 200 5753 "http://hoonlir.com/cele_fullmoon85113.html" "Mozilla/5.0 (Windows NT 5.1) AppleWebKit/537.36 (KHTML, like Gecko) Chrome/44.0.2403.155 Safari/537.36" "hoonlir.com"
180.74.132.236 - - [16/Aug/2015:21:23:57 -0700] "GET /images/cel_fm_01_t.jpg HTTP/1.1" 200 18276 "http://hoonlir.com/cele_fullmoon85113.html" "Mozilla/5.0 (Windows NT 5.1) AppleWebKit/537.36 (KHTML, like Gecko) Chrome/44.0.2403.155 Safari/537.36" "hoonlir.com"
180.74.132.236 - - [16/Aug/2015:21:23:57 -0700] "GET /images/cel_fm_01_fs.jpg HTTP/1.1" 200 5328 "http://hoonlir.com/cele_fullmoon85113.html" "Mozilla/5.0 (Windows NT 5.1) AppleWebKit/537.36 (KHTML, like Gecko) Chrome/44.0.2403.155 Safari/537.36" "hoonlir.com"
180.74.132.236 - - [16/Aug/2015:21:23:57 -0700] "GET /images/cel_fm_01_f.jpg HTTP/1.1" 200 15379 "http://hoonlir.com/cele_fullmoon85113.html" "Mozilla/5.0 (Windows NT 5.1) AppleWebKit/537.36 (KHTML, like Gecko) Chrome/44.0.2403.155 Safari/537.36" "hoonlir.com"
180.74.132.236 - - [16/Aug/2015:21:23:57 -0700] "GET /images/cel_fm_01_ss.jpg HTTP/1.1" 200 5514 "http://hoonlir.com/cele_fullmoon85113.html" "Mozilla/5.0 (Windows NT 5.1) AppleWebKit/537.36 (KHTML, like Gecko) Chrome/44.0.2403.155 Safari/537.36" "hoonlir.com"
180.74.132.236 - - [16/Aug/2015:21:23:57 -0700] "GET /images/cel_fm_01_s.jpg HTTP/1.1" 200 16508 "http://hoonlir.com/cele_fullmoon85113.html" "Mozilla/5.0 (Windows NT 5.1) AppleWebKit/537.36 (KHTML, like Gecko) Chrome/44.0.2403.155 Safari/537.36" "hoonlir.com"
31.184.238.128 - - [16/Aug/2015:21:34:07 -0700] "GET /logs/access.log HTTP/1.1" 200 90977 "http://hytrin2mggl.forumcircle.com" "Opera/9.80 (Windows NT 6.1; Win64; x64) Presto/2.12.388 Version/12.16" "www.hoonlir.com"
31.184.238.128 - - [16/Aug/2015:21:46:04 -0700] "GET /logs/access.log HTTP/1.1" 200 91194 "http://c8cyproheptadine.over-blog.com" "Mozilla/5.0 (Windows NT 5.1) AppleWebKit/537.36 (KHTML, like Gecko) Chrome/33.0.1750.146 Safari/537.36" "www.hoonlir.com"
180.74.132.236 - - [16/Aug/2015:21:51:06 -0700] "GET /cele_pizza.html HTTP/1.1" 200 2712 "http://hoonlir.com/cele_fruitart.html" "Mozilla/5.0 (Windows NT 5.1) AppleWebKit/537.36 (KHTML, like Gecko) Chrome/44.0.2403.155 Safari/537.36" "hoonlir.com"
180.74.132.236 - - [16/Aug/2015:21:51:07 -0700] "GET /images/cel_pizza_01_ts.jpg HTTP/1.1" 200 6219 "http://hoonlir.com/cele_pizza.html" "Mozilla/5.0 (Windows NT 5.1) AppleWebKit/537.36 (KHTML, like Gecko) Chrome/44.0.2403.155 Safari/537.36" "hoonlir.com"
180.74.132.236 - - [16/Aug/2015:21:51:07 -0700] "GET /images/cel_pizza_01_m.jpg HTTP/1.1" 200 19623 "http://hoonlir.com/cele_pizza.html" "Mozilla/5.0 (Windows NT 5.1) AppleWebKit/537.36 (KHTML, like Gecko) Chrome/44.0.2403.155 Safari/537.36" "hoonlir.com"
180.74.132.236 - - [16/Aug/2015:21:51:07 -0700] "GET /images/cel_pizza_01_t.jpg HTTP/1.1" 200 21602 "http://hoonlir.com/cele_pizza.html" "Mozilla/5.0 (Windows NT 5.1) AppleWebKit/537.36 (KHTML, like Gecko) Chrome/44.0.2403.155 Safari/537.36" "hoonlir.com"
180.74.132.236 - - [16/Aug/2015:21:51:07 -0700] "GET /images/cel_pizza_01_fs.jpg HTTP/1.1" 200 5265 "http://hoonlir.com/cele_pizza.html" "Mozilla/5.0 (Windows NT 5.1) AppleWebKit/537.36 (KHTML, like Gecko) Chrome/44.0.2403.155 Safari/537.36" "hoonlir.com"
180.74.132.236 - - [16/Aug/2015:21:51:07 -0700] "GET /images/cel_pizza_01_ss.jpg HTTP/1.1" 200 5119 "http://hoonlir.com/cele_pizza.html" "Mozilla/5.0 (Windows NT 5.1) AppleWebKit/537.36 (KHTML, like Gecko) Chrome/44.0.2403.155 Safari/537.36" "hoonlir.com"
180.74.132.236 - - [16/Aug/2015:21:51:07 -0700] "GET /images/cel_pizza_01_f.jpg HTTP/1.1" 200 13758 "http://hoonlir.com/cele_pizza.html" "Mozilla/5.0 (Windows NT 5.1) AppleWebKit/537.36 (KHTML, like Gecko) Chrome/44.0.2403.155 Safari/537.36" "hoonlir.com"
180.74.132.236 - - [16/Aug/2015:21:51:07 -0700] "GET /images/cel_pizza_01_s.jpg HTTP/1.1" 200 11803 "http://hoonlir.com/cele_pizza.html" "Mozilla/5.0 (Windows NT 5.1) AppleWebKit/537.36 (KHTML, like Gecko) Chrome/44.0.2403.155 Safari/537.36" "hoonlir.com"
167.88.42.56 - - [16/Aug/2015:21:52:46 -0700] "GET /logs/access.log HTTP/1.1" 200 93487 "-" "Python-urllib/1.17" "www.hoonlir.com"
31.184.238.128 - - [16/Aug/2015:21:57:54 -0700] "GET /logs/access.log HTTP/1.1" 200 93618 "http://hydroxyzine5w.forumcircle.com" "Mozilla/5.0 (Windows NT 6.0) AppleWebKit/537.36 (KHTML, like Gecko) Chrome/33.0.1750.146 Safari/537.36" "www.hoonlir.com"
31.184.238.128 - - [16/Aug/2015:22:09:40 -0700] "GET /logs/access.log HTTP/1.1" 200 93870 "http://capecitabine-500mg-order-low-price.aircus.com" "Opera/9.80 (Windows NT 6.1) Presto/2.12.388 Version/12.16" "www.hoonlir.com"
31.184.238.128 - - [16/Aug/2015:22:21:37 -0700] "GET /logs/access.log HTTP/1.1" 200 94093 "http://esomeprazole40mgj.aircus.com" "Mozilla/5.0 (Windows NT 6.1) AppleWebKit/537.36 (KHTML, like Gecko) Chrome/32.0.1700.107 Safari/537.36" "www.hoonlir.com"
31.184.238.128 - - [16/Aug/2015:22:33:26 -0700] "GET /logs/access.log HTTP/1.1" 200 94344 "http://www.theknot.com/wedding/cefixime-and-low" "Opera/9.80 (Windows NT 6.1; WOW64) Presto/2.12.388 Version/12.15" "www.hoonlir.com"
203.106.166.49 - - [16/Aug/2015:22:38:50 -0700] "GET /images/slides_cakeboxptd2014.jpg HTTP/1.1" 206 1 "http://www.hoonlir.com/" "Mozilla/5.0 (Windows NT 6.1; WOW64) AppleWebKit/537.36 (KHTML, like Gecko) Chrome/44.0.2403.155 Safari/537.36" "www.hoonlir.com"
203.106.166.49 - - [16/Aug/2015:22:38:51 -0700] "GET /images/slides_cakeboxptd2014.jpg HTTP/1.1" 206 63306 "http://www.hoonlir.com/" "Mozilla/5.0 (Windows NT 6.1; WOW64) AppleWebKit/537.36 (KHTML, like Gecko) Chrome/44.0.2403.155 Safari/537.36" "www.hoonlir.com"
203.106.166.49 - - [16/Aug/2015:22:38:53 -0700] "GET /images/favicon.ico HTTP/1.1" 200 1150 "http://www.hoonlir.com/" "Mozilla/5.0 (Windows NT 6.1; WOW64) AppleWebKit/537.36 (KHTML, like Gecko) Chrome/44.0.2403.155 Safari/537.36" "www.hoonlir.com"
31.184.238.128 - - [16/Aug/2015:22:45:17 -0700] "GET /logs/access.log HTTP/1.1" 200 95339 "http://prograf5mghb.forumcircle.com" "Mozilla/5.0 (Windows NT 5.1; rv:27.0) Gecko/20100101 Firefox/27.0" "www.hoonlir.com"
122.105.196.252 - - [16/Aug/2015:22:49:33 -0700] "GET / HTTP/1.1" 200 1890 "http://success-seo.com/try.php?u=http://hoonlir.com" "Mozilla/5.0 (Windows NT 6.1; WOW64) AppleWebKit/537.36 (KHTML, like Gecko) Chrome/32.0.1700.107 Safari/537.36" "hoonlir.com"
122.105.196.252 - - [16/Aug/2015:22:49:33 -0700] "GET /styles/layout.css HTTP/1.1" 200 1868 "http://hoonlir.com/" "Mozilla/5.0 (Windows NT 6.1; WOW64) AppleWebKit/537.36 (KHTML, like Gecko) Chrome/32.0.1700.107 Safari/537.36" "hoonlir.com"
122.105.196.252 - - [16/Aug/2015:22:49:34 -0700] "GET /scripts/jquery.cycle.setup.js HTTP/1.1" 200 315 "http://hoonlir.com/" "Mozilla/5.0 (Windows NT 6.1; WOW64) AppleWebKit/537.36 (KHTML, like Gecko) Chrome/32.0.1700.107 Safari/537.36" "hoonlir.com"
122.105.196.252 - - [16/Aug/2015:22:49:34 -0700] "GET /scripts/jquery-1.4.1.min.js HTTP/1.1" 200 24134 "http://hoonlir.com/" "Mozilla/5.0 (Windows NT 6.1; WOW64) AppleWebKit/537.36 (KHTML, like Gecko) Chrome/32.0.1700.107 Safari/537.36" "hoonlir.com"
122.105.196.252 - - [16/Aug/2015:22:49:34 -0700] "GET /scripts/jquery.slidepanel.setup.js HTTP/1.1" 200 225 "http://hoonlir.com/" "Mozilla/5.0 (Windows NT 6.1; WOW64) AppleWebKit/537.36 (KHTML, like Gecko) Chrome/32.0.1700.107 Safari/537.36" "hoonlir.com"
122.105.196.252 - - [16/Aug/2015:22:49:34 -0700] "GET /styles/navi.css HTTP/1.1" 200 360 "http://hoonlir.com/" "Mozilla/5.0 (Windows NT 6.1; WOW64) AppleWebKit/537.36 (KHTML, like Gecko) Chrome/32.0.1700.107 Safari/537.36" "hoonlir.com"
122.105.196.252 - - [16/Aug/2015:22:49:34 -0700] "GET /scripts/jquery.cycle.min.js HTTP/1.1" 200 5486 "http://hoonlir.com/" "Mozilla/5.0 (Windows NT 6.1; WOW64) AppleWebKit/537.36 (KHTML, like Gecko) Chrome/32.0.1700.107 Safari/537.36" "hoonlir.com"
122.105.196.252 - - [16/Aug/2015:22:49:34 -0700] "GET /styles/featured_slide.css HTTP/1.1" 200 632 "http://hoonlir.com/" "Mozilla/5.0 (Windows NT 6.1; WOW64) AppleWebKit/537.36 (KHTML, like Gecko) Chrome/32.0.1700.107 Safari/537.36" "hoonlir.com"
122.105.196.252 - - [16/Aug/2015:22:49:34 -0700] "GET /images/background_header.png HTTP/1.1" 200 2916 "http://hoonlir.com/" "Mozilla/5.0 (Windows NT 6.1; WOW64) AppleWebKit/537.36 (KHTML, like Gecko) Chrome/32.0.1700.107 Safari/537.36" "hoonlir.com"
122.105.196.252 - - [16/Aug/2015:22:49:34 -0700] "GET /images/header_logo.png HTTP/1.1" 200 11038 "http://hoonlir.com/" "Mozilla/5.0 (Windows NT 6.1; WOW64) AppleWebKit/537.36 (KHTML, like Gecko) Chrome/32.0.1700.107 Safari/537.36" "hoonlir.com"
122.105.196.252 - - [16/Aug/2015:22:49:34 -0700] "GET /images/topnav_a.png HTTP/1.1" 200 2848 "http://hoonlir.com/" "Mozilla/5.0 (Windows NT 6.1; WOW64) AppleWebKit/537.36 (KHTML, like Gecko) Chrome/32.0.1700.107 Safari/537.36" "hoonlir.com"
122.105.196.252 - - [16/Aug/2015:22:49:34 -0700] "GET /images/slides_cakeboxptd2014.jpg HTTP/1.1" 200 359530 "http://hoonlir.com/" "Mozilla/5.0 (Windows NT 6.1; WOW64) AppleWebKit/537.36 (KHTML, like Gecko) Chrome/32.0.1700.107 Safari/537.36" "hoonlir.com"
122.105.196.252 - - [16/Aug/2015:22:49:34 -0700] "GET /images/slides_pizza_01.jpg HTTP/1.1" 200 155038 "http://hoonlir.com/" "Mozilla/5.0 (Windows NT 6.1; WOW64) AppleWebKit/537.36 (KHTML, like Gecko) Chrome/32.0.1700.107 Safari/537.36" "hoonlir.com"
122.105.196.252 - - [16/Aug/2015:22:49:35 -0700] "GET /images/slides_wedding_02.jpg HTTP/1.1" 200 116201 "http://hoonlir.com/" "Mozilla/5.0 (Windows NT 6.1; WOW64) AppleWebKit/537.36 (KHTML, like Gecko) Chrome/32.0.1700.107 Safari/537.36" "hoonlir.com"
122.105.196.252 - - [16/Aug/2015:22:49:35 -0700] "GET /images/footer_worldmap.png HTTP/1.1" 200 23204 "http://hoonlir.com/" "Mozilla/5.0 (Windows NT 6.1; WOW64) AppleWebKit/537.36 (KHTML, like Gecko) Chrome/32.0.1700.107 Safari/537.36" "hoonlir.com"
122.105.196.252 - - [16/Aug/2015:22:49:35 -0700] "GET /images/slide.png HTTP/1.1" 200 231 "http://hoonlir.com/" "Mozilla/5.0 (Windows NT 6.1; WOW64) AppleWebKit/537.36 (KHTML, like Gecko) Chrome/32.0.1700.107 Safari/537.36" "hoonlir.com"
122.105.196.252 - - [16/Aug/2015:22:49:34 -0700] "GET /images/slides_mooncake2015.gif HTTP/1.1" 200 645711 "http://hoonlir.com/" "Mozilla/5.0 (Windows NT 6.1; WOW64) AppleWebKit/537.36 (KHTML, like Gecko) Chrome/32.0.1700.107 Safari/537.36" "hoonlir.com"
167.88.42.56 - - [16/Aug/2015:22:53:10 -0700] "GET /logs/access.log HTTP/1.1" 200 99783 "-" "Python-urllib/1.17" "www.hoonlir.com"
